[INFO] Scanning for projects...
[WARNING] 
[WARNING] Some problems were encountered while building the effective model for com.example:hospitalManagement:jar:0.0.1-SNAPSHOT
[WARNING] 'dependencies.dependency.(groupId:artifactId:type:classifier)' must be unique: org.springframework.boot:spring-boot-starter-test:jar -> duplicate declaration of version (?) @ line 77, column 15
[WARNING] 
[WARNING] It is highly recommended to fix these problems because they threaten the stability of your build.
[WARNING] 
[WARNING] For this reason, future Maven versions might no longer support building such malformed projects.
[WARNING] 
[INFO] 
[INFO] -------------------< com.example:hospitalManagement >-------------------
[INFO] Building hospitalManagement 0.0.1-SNAPSHOT
[INFO]   from pom.xml
[INFO] --------------------------------[ jar ]---------------------------------
[INFO] 
[INFO] --- resources:3.3.1:resources (default-resources) @ hospitalManagement ---
[INFO] Copying 1 resource from src\main\resources to target\classes
[INFO] Copying 2 resources from src\main\resources to target\classes
[INFO] 
[INFO] --- compiler:3.14.1:compile (default-compile) @ hospitalManagement ---
[INFO] Recompiling the module because of changed source code.
[INFO] Compiling 24 source files with javac [debug parameters release 17] to target\classes
[INFO] -------------------------------------------------------------
[ERROR] COMPILATION ERROR : 
[INFO] -------------------------------------------------------------
[ERROR] /D:/HospitalManagement/src/main/java/com/example/hospitalManagement/service/AppointmentService.java:[28,19] cannot find symbol
  symbol:   class NotificationProducer
  location: class com.example.hospitalManagement.service.AppointmentService
[ERROR] /D:/HospitalManagement/src/main/java/com/example/hospitalManagement/service/AppointmentService.java:[33,31] cannot find symbol
  symbol:   class NotificationProducer
  location: class com.example.hospitalManagement.service.AppointmentService
[INFO] 2 errors 
[INFO] -------------------------------------------------------------
[INFO] ------------------------------------------------------------------------
[INFO] BUILD FAILURE
[INFO] ------------------------------------------------------------------------
[INFO] Total time:  10.489 s
[INFO] Finished at: 2026-05-16T15:11:17+07:00
[INFO] ------------------------------------------------------------------------
[ERROR] Failed to execute goal org.apache.maven.plugins:maven-compiler-plugin:3.14.1:compile (default-compile) on project hospitalManagement: Compilation failure: Compilation failure: 
[ERROR] /D:/HospitalManagement/src/main/java/com/example/hospitalManagement/service/AppointmentService.java:[28,19] cannot find symbol
[ERROR]   symbol:   class NotificationProducer
[ERROR]   location: class com.example.hospitalManagement.service.AppointmentService
[ERROR] /D:/HospitalManagement/src/main/java/com/example/hospitalManagement/service/AppointmentService.java:[33,31] cannot find symbol
[ERROR]   symbol:   class NotificationProducer
[ERROR]   location: class com.example.hospitalManagement.service.AppointmentService
[ERROR] -> [Help 1]
[ERROR] 
[ERROR] To see the full stack trace of the errors, re-run Maven with the -e switch.
[ERROR] Re-run Maven using the -X switch to enable full debug logging.
[ERROR] 
[ERROR] For more information about the errors and possible solutions, please read the following articles:
[ERROR] [Help 1] http://cwiki.apache.org/confluence/display/MAVEN/MojoFailureException
